// Jest Snapshot v1, https://goo.gl/fbAQLP

exports[`<Nav /> Renders a full nav when signed in 1`] = `
<div>
  <ul
    class="StyledNav-dh7aev-0 jJjMNl"
  >
    <a
      href="/products"
    >
      Products
    </a>
    <a
      href="/sell"
    >
      Sell
    </a>
    <a
      href="/orders"
    >
      Orders
    </a>
    <a
      href="/account"
    >
      Account
    </a>
    <button
      type="button"
    >
      My Cart
      <span
        class="CartCount__AnimationStyles-sc-1thwzyj-1 XjpSt"
      >
        <div>
          <div
            class="CartCount__Dot-sc-1thwzyj-0 bTkECI count"
          >
            0
          </div>
        </div>
      </span>
    </button>
    <button
      type="button"
    >
      Sign Out
    </button>
  </ul>
</div>
`;

exports[`<Nav /> Renders minimal nav and sign in link when signed out 1`] = `
<div>
  <ul
    class="StyledNav-dh7aev-0 jJjMNl"
  >
    <a
      href="/products"
    >
      Products
    </a>
    <a
      href="/signin"
    >
      Sign In
    </a>
  </ul>
</div>
`;
